Godot Engine v4.7.2.stable.steam.ed1daf0bf - https://godotengine.org

错误：找不到资源预制体 grass，请在 resource_registry.tres 中配置
错误：找不到资源预制体 grass，请在 resource_registry.tres 中配置
错误：找不到资源预制体 grass，请在 resource_registry.tres 中配置
错误：找不到资源预制体 grass，请在 resource_registry.tres 中配置
错误：找不到资源预制体 grass，请在 resource_registry.tres 中配置
错误：找不到资源预制体 grass，请在 resource_registry.tres 中配置
错误：找不到资源预制体 grass，请在 resource_registry.tres 中配置
错误：找不到资源预制体 grass，请在 resource_registry.tres 中配置
错误：找不到资源预制体 tree，请在 resource_registry.tres 中配置
错误：找不到资源预制体 tree，请在 resource_registry.tres 中配置
错误：找不到资源预制体 tree，请在 resource_registry.tres 中配置
错误：找不到资源预制体 tree，请在 resource_registry.tres 中配置
错误：找不到资源预制体 tree，请在 resource_registry.tres 中配置
错误：找不到资源预制体 tree，请在 resource_registry.tres 中配置
错误：找不到资源预制体 tree，请在 resource_registry.tres 中配置
错误：找不到资源预制体 tree，请在 resource_registry.tres 中配置
错误：找不到资源预制体 tree，请在 resource_registry.tres 中配置
错误：找不到资源预制体 tree，请在 resource_registry.tres 中配置
错误：找不到资源预制体 stone，请在 resource_registry.tres 中配置
错误：找不到资源预制体 stone，请在 resource_registry.tres 中配置
错误：找不到资源预制体 stone，请在 resource_registry.tres 中配置
错误：找不到资源预制体 stone，请在 resource_registry.tres 中配置
错误：找不到资源预制体 stone，请在 resource_registry.tres 中配置
错误：找不到资源预制体 stone，请在 resource_registry.tres 中配置
错误：找不到资源预制体 stone，请在 resource_registry.tres 中配置
错误：找不到资源预制体 stone，请在 resource_registry.tres 中配置
错误：找不到资源预制体 stone，请在 resource_registry.tres 中配置
错误：找不到资源预制体 stone，请在 resource_registry.tres 中配置
【调试】状态:idle | 距离:262.55 | 仇恨:8.0 | 停止:1.0 | 攻击:2.0
【调试】状态:idle | 距离:262.55 | 仇恨:8.0 | 停止:1.0 | 攻击:2.0
【调试】状态:walk | 距离:262.52 | 仇恨:8.0 | 停止:1.0 | 攻击:2.0
【调试】状态:idle | 距离:261.75 | 仇恨:8.0 | 停止:1.0 | 攻击:2.0
【调试】状态:idle | 距离:260.97 | 仇恨:8.0 | 停止:1.0 | 攻击:2.0
【调试】状态:idle | 距离:260.20 | 仇恨:8.0 | 停止:1.0 | 攻击:2.0
【调试】状态:walk | 距离:260.87 | 仇恨:8.0 | 停止:1.0 | 攻击:2.0
【调试】状态:idle | 距离:261.59 | 仇恨:8.0 | 停止:1.0 | 攻击:2.0
【调试】状态:idle | 距离:262.31 | 仇恨:8.0 | 停止:1.0 | 攻击:2.0
【调试】状态:idle | 距离:263.03 | 仇恨:8.0 | 停止:1.0 | 攻击:2.0
【调试】状态:walk | 距离:262.97 | 仇恨:8.0 | 停止:1.0 | 攻击:2.0
【调试】状态:walk | 距离:262.84 | 仇恨:8.0 | 停止:1.0 | 攻击:2.0
【调试】状态:idle | 距离:262.70 | 仇恨:8.0 | 停止:1.0 | 攻击:2.0
【调试】状态:idle | 距离:262.57 | 仇恨:8.0 | 停止:1.0 | 攻击:2.0
【调试】状态:idle | 距离:262.44 | 仇恨:8.0 | 停止:1.0 | 攻击:2.0
【调试】状态:walk | 距离:262.30 | 仇恨:8.0 | 停止:1.0 | 攻击:2.0
【调试】状态:walk | 距离:262.09 | 仇恨:8.0 | 停止:1.0 | 攻击:2.0
【调试】状态:idle | 距离:261.87 | 仇恨:8.0 | 停止:1.0 | 攻击:2.0
【调试】状态:idle | 距离:261.65 | 仇恨:8.0 | 停止:1.0 | 攻击:2.0
【调试】状态:walk | 距离:261.42 | 仇恨:8.0 | 停止:1.0 | 攻击:2.0
【调试】状态:walk | 距离:260.65 | 仇恨:8.0 | 停止:1.0 | 攻击:2.0
【调试】状态:walk | 距离:259.87 | 仇恨:8.0 | 停止:1.0 | 攻击:2.0
【调试】状态:walk | 距离:259.10 | 仇恨:8.0 | 停止:1.0 | 攻击:2.0
【调试】状态:idle | 距离:258.32 | 仇恨:8.0 | 停止:1.0 | 攻击:2.0
【调试】状态:idle | 距离:257.55 | 仇恨:8.0 | 停止:1.0 | 攻击:2.0
【调试】状态:idle | 距离:256.77 | 仇恨:8.0 | 停止:1.0 | 攻击:2.0
【调试】状态:walk | 距离:256.05 | 仇恨:8.0 | 停止:1.0 | 攻击:2.0
【调试】状态:idle | 距离:255.34 | 仇恨:8.0 | 停止:1.0 | 攻击:2.0
【调试】状态:idle | 距离:254.63 | 仇恨:8.0 | 停止:1.0 | 攻击:2.0
【调试】状态:idle | 距离:253.92 | 仇恨:8.0 | 停止:1.0 | 攻击:2.0
【调试】状态:walk | 距离:254.41 | 仇恨:8.0 | 停止:1.0 | 攻击:2.0
ERROR: BUG: Unreferenced static string to 0: NavMapBuilder3D
   at: unref (core/string/string_name.cpp:118)
ERROR: BUG: Unreferenced static string to 0: servers
   at: unref (core/string/string_name.cpp:118)
ERROR: BUG: Unreferenced static string to 0: _request_gizmo_for_id
   at: unref (core/string/string_name.cpp:118)
ERROR: BUG: Unreferenced static string to 0: _enter_world
   at: unref (core/string/string_name.cpp:118)
ERROR: BUG: Unreferenced static string to 0: .
   at: unref (core/string/string_name.cpp:118)
ERROR: BUG: Unreferenced static string to 0: Variant
   at: unref (core/string/string_name.cpp:118)
ERROR: BUG: Unreferenced static string to 0: @warning_ignore_restore
   at: unref (core/string/string_name.cpp:118)
ERROR: BUG: Unreferenced static string to 0: @warning_ignore_start
   at: unref (core/string/string_name.cpp:118)
ERROR: BUG: Unreferenced static string to 0: @warning_ignore
   at: unref (core/string/string_name.cpp:118)
ERROR: BUG: Unreferenced static string to 0: @export_subgroup
   at: unref (core/string/string_name.cpp:118)
ERROR: BUG: Unreferenced static string to 0: @export_group
   at: unref (core/string/string_name.cpp:118)
ERROR: BUG: Unreferenced static string to 0: @export_category
   at: unref (core/string/string_name.cpp:118)
ERROR: BUG: Unreferenced static string to 0: @export_flags
   at: unref (core/string/string_name.cpp:118)
ERROR: BUG: Unreferenced static string to 0: @export_node_path
   at: unref (core/string/string_name.cpp:118)
ERROR: BUG: Unreferenced static string to 0: @export_range
   at: unref (core/string/string_name.cpp:118)
ERROR: BUG: Unreferenced static string to 0: @export_placeholder
   at: unref (core/string/string_name.cpp:118)
ERROR: BUG: Unreferenced static string to 0: @export_multiline
   at: unref (core/string/string_name.cpp:118)
ERROR: BUG: Unreferenced static string to 0: @export_enum
   at: unref (core/string/string_name.cpp:118)
ERROR: BUG: Unreferenced static string to 0: @export
   at: unref (core/string/string_name.cpp:118)
ERROR: BUG: Unreferenced static string to 0: @icon
   at: unref (core/string/string_name.cpp:118)
ERROR: BUG: Unreferenced static string to 0: @tool
   at: unref (core/string/string_name.cpp:118)
WARNING: A Thread object is being destroyed without its completion having been realized.
Please call wait_to_finish() on it to ensure correct cleanup.
   at: ~Thread (core/os/thread.cpp:116)
ERROR: 7 RID allocations of type '23NavMeshGeometryParser2D' were leaked at exit.
ERROR: 6 RID allocations of type '23NavMeshGeometryParser3D' were leaked at exit.
ERROR: Pages in use exist at exit in PagedAllocator: N12VariantPools11BucketLargeE
   at: ~PagedAllocator (./core/templates/paged_allocator.h:170)
